============================= test session starts =============================
platform win32 -- Python 3.13.9, pytest-9.0.2, pluggy-1.6.0
rootdir: H:\Documents\dev\git_repos\fatcontroler\fatcontroler
configfile: pyproject.toml
plugins: cov-7.0.0, mock-3.15.1
collected 22 items

tests\test_command_parser.py ........                                    [ 36%]
tests\test_entity_dumb.py ....                                           [ 54%]
tests\test_fat_controller.py EEEEEE                                      [ 81%]
python : C:\Users\matth\AppData\Local\Packages\Python
SoftwareFoundation.Python.3.13_qbz5n2kfra8p0\LocalCac
he\local-packages\Python313\site-packages\coverage\re
port_core.py:107: CoverageWarning: Couldn't parse 
Python file 'H:\Documents\dev\git_repos\fatcontroler\
fatcontroler\build\build_deploy.py' (couldnt-parse); 
see https://coverage.readthedocs.io/en/7.13.0/message
s.html#warning-couldnt-parse
At line:1 char:1
+ python -m pytest --cov=. tests/ > test_output.txt 
2>&1
+ ~~~~~~~~~~~~~~~~~~~~~~~~~~~~~~~~~~~~~~~~~~~~~~~~~~~
~~~
    + CategoryInfo          : NotSpecified: (C:\User 
   s\matth\...g-couldnt-parse:String) [], RemoteExc  
  eption
    + FullyQualifiedErrorId : NativeCommandError
 
  coverage._warn(msg, slug="couldnt-parse")
tests\test_local_entity.py ....                                          [100%]

=================================== ERRORS ====================================
___________ ERROR at setup of TestFatController.test_initialization ___________

mock_tkinter = None

    @pytest.fixture
    def app(mock_tkinter):
        """
        Create a FatController instance for testing.
        """
        import FatController
    
        # Mock methods that might interfere or are slow
        original_scheduler = FatController.FC_ThreadedScheduler.ThreadedScheduler
        FatController.FC_ThreadedScheduler.ThreadedScheduler = MagicMock()
    
>       app = FatController.FatController()
              ^^^^^^^^^^^^^^^^^^^^^^^^^^^^^

tests\conftest.py:57: 
_ _ _ _ _ _ _ _ _ _ _ _ _ _ _ _ _ _ _ _ _ _ _ _ _ _ _ _ _ _ _ _ _ _ _ _ _ _ _ _
FatController.py:70: in __init__
    self.title("FatController")
    ^^^^^^^^^^
C:\Program Files\WindowsApps\PythonSoftwareFoundation.Python.3.13_3.13.2544.0_x64__qbz5n2kfra8p0\Lib\unittest\mock.py:710: in __getattr__
    result = self._get_child_mock(
_ _ _ _ _ _ _ _ _ _ _ _ _ _ _ _ _ _ _ _ _ _ _ _ _ _ _ _ _ _ _ _ _ _ _ _ _ _ _ _

self = <FatController id='2173651718496'>
kw = {'_new_name': 'title', '_new_parent': <FatController id='2173651718496'>, 'name': 'title', 'parent': <FatController id='2173651718496'>, ...}
_new_name = 'title', _type = <class 'unittest.mock.FatController'>
klass = <class 'FatController.FatController'>

    def _get_child_mock(self, /, **kw):
        """Create the child mocks for attributes and return value.
        By default child mocks will be the same type as the parent.
        Subclasses of Mock may want to override this to customize the way
        child mocks are made.
    
        For non-callable mocks the callable variant will be used (rather than
        any custom subclass)."""
        if self._mock_sealed:
            attribute = f".{kw['name']}" if "name" in kw else "()"
            mock_name = self._extract_mock_name() + attribute
            raise AttributeError(mock_name)
    
        _new_name = kw.get("_new_name")
        if _new_name in self.__dict__['_spec_asyncs']:
            return AsyncMock(**kw)
    
        _type = type(self)
        if issubclass(_type, MagicMock) and _new_name in _async_method_magics:
            # Any asynchronous magic becomes an AsyncMock
            klass = AsyncMock
        elif issubclass(_type, AsyncMockMixin):
            if (_new_name in _all_sync_magics or
                    self._mock_methods and _new_name in self._mock_methods):
                # Any synchronous method on AsyncMock becomes a MagicMock
                klass = MagicMock
            else:
                klass = AsyncMock
        elif not issubclass(_type, CallableMixin):
            if issubclass(_type, NonCallableMagicMock):
                klass = MagicMock
            elif issubclass(_type, NonCallableMock):
                klass = Mock
        else:
            klass = _type.__mro__[1]
>       return klass(**kw)
               ^^^^^^^^^^^
E       TypeError: FatController.__init__() got an unexpected keyword argument 'parent'

C:\Program Files\WindowsApps\PythonSoftwareFoundation.Python.3.13_3.13.2544.0_x64__qbz5n2kfra8p0\Lib\unittest\mock.py:1090: TypeError
______________ ERROR at setup of TestFatController.test_aliases _______________

mock_tkinter = None

    @pytest.fixture
    def app(mock_tkinter):
        """
        Create a FatController instance for testing.
        """
        import FatController
    
        # Mock methods that might interfere or are slow
        original_scheduler = FatController.FC_ThreadedScheduler.ThreadedScheduler
        FatController.FC_ThreadedScheduler.ThreadedScheduler = MagicMock()
    
>       app = FatController.FatController()
              ^^^^^^^^^^^^^^^^^^^^^^^^^^^^^

tests\conftest.py:57: 
_ _ _ _ _ _ _ _ _ _ _ _ _ _ _ _ _ _ _ _ _ _ _ _ _ _ _ _ _ _ _ _ _ _ _ _ _ _ _ _
FatController.py:70: in __init__
    self.title("FatController")
    ^^^^^^^^^^
C:\Program Files\WindowsApps\PythonSoftwareFoundation.Python.3.13_3.13.2544.0_x64__qbz5n2kfra8p0\Lib\unittest\mock.py:710: in __getattr__
    result = self._get_child_mock(
_ _ _ _ _ _ _ _ _ _ _ _ _ _ _ _ _ _ _ _ _ _ _ _ _ _ _ _ _ _ _ _ _ _ _ _ _ _ _ _

self = <FatController id='2173651723536'>
kw = {'_new_name': 'title', '_new_parent': <FatController id='2173651723536'>, 'name': 'title', 'parent': <FatController id='2173651723536'>, ...}
_new_name = 'title', _type = <class 'unittest.mock.FatController'>
klass = <class 'FatController.FatController'>

    def _get_child_mock(self, /, **kw):
        """Create the child mocks for attributes and return value.
        By default child mocks will be the same type as the parent.
        Subclasses of Mock may want to override this to customize the way
        child mocks are made.
    
        For non-callable mocks the callable variant will be used (rather than
        any custom subclass)."""
        if self._mock_sealed:
            attribute = f".{kw['name']}" if "name" in kw else "()"
            mock_name = self._extract_mock_name() + attribute
            raise AttributeError(mock_name)
    
        _new_name = kw.get("_new_name")
        if _new_name in self.__dict__['_spec_asyncs']:
            return AsyncMock(**kw)
    
        _type = type(self)
        if issubclass(_type, MagicMock) and _new_name in _async_method_magics:
            # Any asynchronous magic becomes an AsyncMock
            klass = AsyncMock
        elif issubclass(_type, AsyncMockMixin):
            if (_new_name in _all_sync_magics or
                    self._mock_methods and _new_name in self._mock_methods):
                # Any synchronous method on AsyncMock becomes a MagicMock
                klass = MagicMock
            else:
                klass = AsyncMock
        elif not issubclass(_type, CallableMixin):
            if issubclass(_type, NonCallableMagicMock):
                klass = MagicMock
            elif issubclass(_type, NonCallableMock):
                klass = Mock
        else:
            klass = _type.__mro__[1]
>       return klass(**kw)
               ^^^^^^^^^^^
E       TypeError: FatController.__init__() got an unexpected keyword argument 'parent'

C:\Program Files\WindowsApps\PythonSoftwareFoundation.Python.3.13_3.13.2544.0_x64__qbz5n2kfra8p0\Lib\unittest\mock.py:1090: TypeError
___________ ERROR at setup of TestFatController.test_substitutions ____________

mock_tkinter = None

    @pytest.fixture
    def app(mock_tkinter):
        """
        Create a FatController instance for testing.
        """
        import FatController
    
        # Mock methods that might interfere or are slow
        original_scheduler = FatController.FC_ThreadedScheduler.ThreadedScheduler
        FatController.FC_ThreadedScheduler.ThreadedScheduler = MagicMock()
    
>       app = FatController.FatController()
              ^^^^^^^^^^^^^^^^^^^^^^^^^^^^^

tests\conftest.py:57: 
_ _ _ _ _ _ _ _ _ _ _ _ _ _ _ _ _ _ _ _ _ _ _ _ _ _ _ _ _ _ _ _ _ _ _ _ _ _ _ _
FatController.py:70: in __init__
    self.title("FatController")
    ^^^^^^^^^^
C:\Program Files\WindowsApps\PythonSoftwareFoundation.Python.3.13_3.13.2544.0_x64__qbz5n2kfra8p0\Lib\unittest\mock.py:710: in __getattr__
    result = self._get_child_mock(
_ _ _ _ _ _ _ _ _ _ _ _ _ _ _ _ _ _ _ _ _ _ _ _ _ _ _ _ _ _ _ _ _ _ _ _ _ _ _ _

self = <FatController id='2173651724880'>
kw = {'_new_name': 'title', '_new_parent': <FatController id='2173651724880'>, 'name': 'title', 'parent': <FatController id='2173651724880'>, ...}
_new_name = 'title', _type = <class 'unittest.mock.FatController'>
klass = <class 'FatController.FatController'>

    def _get_child_mock(self, /, **kw):
        """Create the child mocks for attributes and return value.
        By default child mocks will be the same type as the parent.
        Subclasses of Mock may want to override this to customize the way
        child mocks are made.
    
        For non-callable mocks the callable variant will be used (rather than
        any custom subclass)."""
        if self._mock_sealed:
            attribute = f".{kw['name']}" if "name" in kw else "()"
            mock_name = self._extract_mock_name() + attribute
            raise AttributeError(mock_name)
    
        _new_name = kw.get("_new_name")
        if _new_name in self.__dict__['_spec_asyncs']:
            return AsyncMock(**kw)
    
        _type = type(self)
        if issubclass(_type, MagicMock) and _new_name in _async_method_magics:
            # Any asynchronous magic becomes an AsyncMock
            klass = AsyncMock
        elif issubclass(_type, AsyncMockMixin):
            if (_new_name in _all_sync_magics or
                    self._mock_methods and _new_name in self._mock_methods):
                # Any synchronous method on AsyncMock becomes a MagicMock
                klass = MagicMock
            else:
                klass = AsyncMock
        elif not issubclass(_type, CallableMixin):
            if issubclass(_type, NonCallableMagicMock):
                klass = MagicMock
            elif issubclass(_type, NonCallableMock):
                klass = Mock
        else:
            klass = _type.__mro__[1]
>       return klass(**kw)
               ^^^^^^^^^^^
E       TypeError: FatController.__init__() got an unexpected keyword argument 'parent'

C:\Program Files\WindowsApps\PythonSoftwareFoundation.Python.3.13_3.13.2544.0_x64__qbz5n2kfra8p0\Lib\unittest\mock.py:1090: TypeError
_______ ERROR at setup of TestFatController.test_process_command_basic ________

mock_tkinter = None

    @pytest.fixture
    def app(mock_tkinter):
        """
        Create a FatController instance for testing.
        """
        import FatController
    
        # Mock methods that might interfere or are slow
        original_scheduler = FatController.FC_ThreadedScheduler.ThreadedScheduler
        FatController.FC_ThreadedScheduler.ThreadedScheduler = MagicMock()
    
>       app = FatController.FatController()
              ^^^^^^^^^^^^^^^^^^^^^^^^^^^^^

tests\conftest.py:57: 
_ _ _ _ _ _ _ _ _ _ _ _ _ _ _ _ _ _ _ _ _ _ _ _ _ _ _ _ _ _ _ _ _ _ _ _ _ _ _ _
FatController.py:70: in __init__
    self.title("FatController")
    ^^^^^^^^^^
C:\Program Files\WindowsApps\PythonSoftwareFoundation.Python.3.13_3.13.2544.0_x64__qbz5n2kfra8p0\Lib\unittest\mock.py:710: in __getattr__
    result = self._get_child_mock(
_ _ _ _ _ _ _ _ _ _ _ _ _ _ _ _ _ _ _ _ _ _ _ _ _ _ _ _ _ _ _ _ _ _ _ _ _ _ _ _

self = <FatController id='2173651726224'>
kw = {'_new_name': 'title', '_new_parent': <FatController id='2173651726224'>, 'name': 'title', 'parent': <FatController id='2173651726224'>, ...}
_new_name = 'title', _type = <class 'unittest.mock.FatController'>
klass = <class 'FatController.FatController'>

    def _get_child_mock(self, /, **kw):
        """Create the child mocks for attributes and return value.
        By default child mocks will be the same type as the parent.
        Subclasses of Mock may want to override this to customize the way
        child mocks are made.
    
        For non-callable mocks the callable variant will be used (rather than
        any custom subclass)."""
        if self._mock_sealed:
            attribute = f".{kw['name']}" if "name" in kw else "()"
            mock_name = self._extract_mock_name() + attribute
            raise AttributeError(mock_name)
    
        _new_name = kw.get("_new_name")
        if _new_name in self.__dict__['_spec_asyncs']:
            return AsyncMock(**kw)
    
        _type = type(self)
        if issubclass(_type, MagicMock) and _new_name in _async_method_magics:
            # Any asynchronous magic becomes an AsyncMock
            klass = AsyncMock
        elif issubclass(_type, AsyncMockMixin):
            if (_new_name in _all_sync_magics or
                    self._mock_methods and _new_name in self._mock_methods):
                # Any synchronous method on AsyncMock becomes a MagicMock
                klass = MagicMock
            else:
                klass = AsyncMock
        elif not issubclass(_type, CallableMixin):
            if issubclass(_type, NonCallableMagicMock):
                klass = MagicMock
            elif issubclass(_type, NonCallableMock):
                klass = Mock
        else:
            klass = _type.__mro__[1]
>       return klass(**kw)
               ^^^^^^^^^^^
E       TypeError: FatController.__init__() got an unexpected keyword argument 'parent'

C:\Program Files\WindowsApps\PythonSoftwareFoundation.Python.3.13_3.13.2544.0_x64__qbz5n2kfra8p0\Lib\unittest\mock.py:1090: TypeError
_________ ERROR at setup of TestFatController.test_comprehend_command _________

mock_tkinter = None

    @pytest.fixture
    def app(mock_tkinter):
        """
        Create a FatController instance for testing.
        """
        import FatController
    
        # Mock methods that might interfere or are slow
        original_scheduler = FatController.FC_ThreadedScheduler.ThreadedScheduler
        FatController.FC_ThreadedScheduler.ThreadedScheduler = MagicMock()
    
>       app = FatController.FatController()
              ^^^^^^^^^^^^^^^^^^^^^^^^^^^^^

tests\conftest.py:57: 
_ _ _ _ _ _ _ _ _ _ _ _ _ _ _ _ _ _ _ _ _ _ _ _ _ _ _ _ _ _ _ _ _ _ _ _ _ _ _ _
FatController.py:70: in __init__
    self.title("FatController")
    ^^^^^^^^^^
C:\Program Files\WindowsApps\PythonSoftwareFoundation.Python.3.13_3.13.2544.0_x64__qbz5n2kfra8p0\Lib\unittest\mock.py:710: in __getattr__
    result = self._get_child_mock(
_ _ _ _ _ _ _ _ _ _ _ _ _ _ _ _ _ _ _ _ _ _ _ _ _ _ _ _ _ _ _ _ _ _ _ _ _ _ _ _

self = <FatController id='2173651727568'>
kw = {'_new_name': 'title', '_new_parent': <FatController id='2173651727568'>, 'name': 'title', 'parent': <FatController id='2173651727568'>, ...}
_new_name = 'title', _type = <class 'unittest.mock.FatController'>
klass = <class 'FatController.FatController'>

    def _get_child_mock(self, /, **kw):
        """Create the child mocks for attributes and return value.
        By default child mocks will be the same type as the parent.
        Subclasses of Mock may want to override this to customize the way
        child mocks are made.
    
        For non-callable mocks the callable variant will be used (rather than
        any custom subclass)."""
        if self._mock_sealed:
            attribute = f".{kw['name']}" if "name" in kw else "()"
            mock_name = self._extract_mock_name() + attribute
            raise AttributeError(mock_name)
    
        _new_name = kw.get("_new_name")
        if _new_name in self.__dict__['_spec_asyncs']:
            return AsyncMock(**kw)
    
        _type = type(self)
        if issubclass(_type, MagicMock) and _new_name in _async_method_magics:
            # Any asynchronous magic becomes an AsyncMock
            klass = AsyncMock
        elif issubclass(_type, AsyncMockMixin):
            if (_new_name in _all_sync_magics or
                    self._mock_methods and _new_name in self._mock_methods):
                # Any synchronous method on AsyncMock becomes a MagicMock
                klass = MagicMock
            else:
                klass = AsyncMock
        elif not issubclass(_type, CallableMixin):
            if issubclass(_type, NonCallableMagicMock):
                klass = MagicMock
            elif issubclass(_type, NonCallableMock):
                klass = Mock
        else:
            klass = _type.__mro__[1]
>       return klass(**kw)
               ^^^^^^^^^^^
E       TypeError: FatController.__init__() got an unexpected keyword argument 'parent'

C:\Program Files\WindowsApps\PythonSoftwareFoundation.Python.3.13_3.13.2544.0_x64__qbz5n2kfra8p0\Lib\unittest\mock.py:1090: TypeError
______________ ERROR at setup of TestFatController.test_scripts _______________

mock_tkinter = None

    @pytest.fixture
    def app(mock_tkinter):
        """
        Create a FatController instance for testing.
        """
        import FatController
    
        # Mock methods that might interfere or are slow
        original_scheduler = FatController.FC_ThreadedScheduler.ThreadedScheduler
        FatController.FC_ThreadedScheduler.ThreadedScheduler = MagicMock()
    
>       app = FatController.FatController()
              ^^^^^^^^^^^^^^^^^^^^^^^^^^^^^

tests\conftest.py:57: 
_ _ _ _ _ _ _ _ _ _ _ _ _ _ _ _ _ _ _ _ _ _ _ _ _ _ _ _ _ _ _ _ _ _ _ _ _ _ _ _
FatController.py:70: in __init__
    self.title("FatController")
    ^^^^^^^^^^
C:\Program Files\WindowsApps\PythonSoftwareFoundation.Python.3.13_3.13.2544.0_x64__qbz5n2kfra8p0\Lib\unittest\mock.py:710: in __getattr__
    result = self._get_child_mock(
_ _ _ _ _ _ _ _ _ _ _ _ _ _ _ _ _ _ _ _ _ _ _ _ _ _ _ _ _ _ _ _ _ _ _ _ _ _ _ _

self = <FatController id='2173651724544'>
kw = {'_new_name': 'title', '_new_parent': <FatController id='2173651724544'>, 'name': 'title', 'parent': <FatController id='2173651724544'>, ...}
_new_name = 'title', _type = <class 'unittest.mock.FatController'>
klass = <class 'FatController.FatController'>

    def _get_child_mock(self, /, **kw):
        """Create the child mocks for attributes and return value.
        By default child mocks will be the same type as the parent.
        Subclasses of Mock may want to override this to customize the way
        child mocks are made.
    
        For non-callable mocks the callable variant will be used (rather than
        any custom subclass)."""
        if self._mock_sealed:
            attribute = f".{kw['name']}" if "name" in kw else "()"
            mock_name = self._extract_mock_name() + attribute
            raise AttributeError(mock_name)
    
        _new_name = kw.get("_new_name")
        if _new_name in self.__dict__['_spec_asyncs']:
            return AsyncMock(**kw)
    
        _type = type(self)
        if issubclass(_type, MagicMock) and _new_name in _async_method_magics:
            # Any asynchronous magic becomes an AsyncMock
            klass = AsyncMock
        elif issubclass(_type, AsyncMockMixin):
            if (_new_name in _all_sync_magics or
                    self._mock_methods and _new_name in self._mock_methods):
                # Any synchronous method on AsyncMock becomes a MagicMock
                klass = MagicMock
            else:
                klass = AsyncMock
        elif not issubclass(_type, CallableMixin):
            if issubclass(_type, NonCallableMagicMock):
                klass = MagicMock
            elif issubclass(_type, NonCallableMock):
                klass = Mock
        else:
            klass = _type.__mro__[1]
>       return klass(**kw)
               ^^^^^^^^^^^
E       TypeError: FatController.__init__() got an unexpected keyword argument 'parent'

C:\Program Files\WindowsApps\PythonSoftwareFoundation.Python.3.13_3.13.2544.0_x64__qbz5n2kfra8p0\Lib\unittest\mock.py:1090: TypeError
=============================== tests coverage ================================
_______________ coverage: platform win32, python 3.13.9-final-0 _______________

Name                           Stmts   Miss  Cover
--------------------------------------------------
FC_AlertManager.py                40     33    18%
FC_DUMB.py                        37      7    81%
FC_ENTITYGROUP.py                 48     34    29%
FC_LOCAL.py                       46     20    57%
FC_SSH.py                         85     62    27%
FC_ScheduledTask.py               20     12    40%
FC_ScheduledTaskHandler.py        68     48    29%
FC_TELNET.py                     132    111    16%
FC_TSM.py                        216    158    27%
FC_ThreadedScheduler.py          223    180    19%
FC_command_parser.py             159     81    49%
FC_daemon.py                      60     38    37%
FC_daemonalert.py                 42     29    31%
FC_daemoncollector.py             66     55    17%
FC_daemonmanager.py              123     93    24%
FC_daemonschedule.py              28     19    32%
FC_daemontask.py                  23     12    48%
FC_entity.py                      26     13    50%
FC_entitymanager.py              178    153    14%
FC_formatter.py                   31     26    16%
FatController.py                 516    433    16%
build\__init__.py                  0      0   100%
config.py                          7      0   100%
tests\conftest.py                 47      7    85%
tests\test_command_parser.py      43      0   100%
tests\test_entity_dumb.py         28      0   100%
tests\test_fat_controller.py      38     29    24%
tests\test_local_entity.py        35      0   100%
--------------------------------------------------
TOTAL                           2365   1653    30%
=========================== short test summary info ===========================
ERROR tests/test_fat_controller.py::TestFatController::test_initialization - ...
ERROR tests/test_fat_controller.py::TestFatController::test_aliases - TypeErr...
ERROR tests/test_fat_controller.py::TestFatController::test_substitutions - T...
ERROR tests/test_fat_controller.py::TestFatController::test_process_command_basic
ERROR tests/test_fat_controller.py::TestFatController::test_comprehend_command
ERROR tests/test_fat_controller.py::TestFatController::test_scripts - TypeErr...
======================== 16 passed, 6 errors in 0.77s =========================
